# -----------------------------------------------------------------------------------------------------------
# Copyright (c) 2026 Huawei Technologies Co., Ltd.
# This program is free software, you can redistribute it and/or modify it under the terms and conditions of
# CANN Open Software License Agreement Version 2.0 (the "License").
# Please refer to the License for details. You may not use this file except in compliance with the License.
# THIS SOFTWARE IS PROVIDED ON AN "AS IS" BASIS, WITHOUT WARRANTIES OF ANY KIND, EITHER EXPRESS OR IMPLIED,
# INCLUDING BUT NOT LIMITED TO NON-INFRINGEMENT, MERCHANTABILITY, OR FITNESS FOR A PARTICULAR PURPOSE.
# See LICENSE in the root of the software repository for the full text of the License.
# -----------------------------------------------------------------------------------------------------------

# ra_hdc 导出符号白名单
{
global:
    HdcAsyncDelResponse;
    RaHdcAiQpCreate;
    RaHdcAiQpCreateWithAttrs;
    RaHdcCtxBatchSendWr;
    RaHdcCtxChanCreate;
    RaHdcCtxChanDestroy;
    RaHdcCtxCqCreate;
    RaHdcCtxCqDestroy;
    RaHdcCtxDeinit;
    RaHdcCtxGetAsyncEvents;
    RaHdcCtxGetAuxInfo;
    RaHdcCtxGetCrErrInfoList;
    RaHdcCtxGetJettyContext;
    RaHdcCtxInit;
    RaHdcCtxNotifyEvent;
    RaHdcCtxLmemRegister;
    RaHdcCtxLmemRegisterAsync;
    RaHdcCtxLmemUnregister;
    RaHdcCtxLmemUnregisterAsync;
    RaHdcCtxQpBind;
    RaHdcCtxQpCreate;
    RaHdcCtxQpCreateAsync;
    RaHdcCtxQpDestroy;
    RaHdcCtxQpDestroyAsync;
    RaHdcCtxQpDestroyBatchAsync;
    RaHdcCtxQpImport;
    RaHdcCtxQpImportAsync;
    RaHdcCtxQpQueryBatch;
    RaHdcCtxQpUnbind;
    RaHdcCtxQpUnimport;
    RaHdcCtxQpUnimportAsync;
    RaHdcCtxRmemImport;
    RaHdcCtxRmemUnimport;
    RaHdcCtxTokenIdAlloc;
    RaHdcCtxTokenIdFree;
    RaHdcCtxUpdateCi;
    RaHdcDeinit;
    RaHdcDeinitAsync;
    RaHdcDeinitAsyncAll;
    RaHdcGetAllOpcodeVersion;
    RaHdcGetCqeErrInfo;
    RaHdcGetCqeErrInfoList;
    RaHdcGetDevEidInfoList;
    RaHdcGetDevEidInfoNum;
    RaHdcGetEidByIp;
    RaHdcGetEidByIpAsync;
    RaHdcGetHccnCfg;
    RaHdcGetIfaddrs;
    RaHdcGetIfaddrsV2;
    RaHdcGetIfnum;
    RaHdcGetInterfaceVersion;
    RaHdcGetIpByEid;
    RaHdcGetIpByEidAsync;
    RaHdcGetNotifyBaseAddr;
    RaHdcGetNotifyMrInfo;
    RaHdcGetQpStatus;
    RaHdcGetSecRandom;
    RaHdcGetSockets;
    RaHdcGetTlsEnable;
    RaHdcGetTpAttrAsync;
    RaHdcGetTpInfoListAsync;
    RaHdcGetTsqpDepth;
    RaHdcGetVnicIpInfos;
    RaHdcHasCapability;
    RaHdcInit;
    RaHdcInitAsync;
    RaHdcMrDereg;
    RaHdcMrReg;
    RaHdcPingDeinit;
    RaHdcPingGetResults;
    RaHdcPingInit;
    RaHdcPingTargetAdd;
    RaHdcPingTargetDel;
    RaHdcPingTaskStart;
    RaHdcPingTaskStop;
    RaHdcPollCq;
    RaHdcPollTypicalCq;
    RaHdcQpBatchModify;
    RaHdcQpConnectAsync;
    RaHdcQpCreate;
    RaHdcQpCreateWithAttrs;
    RaHdcQpCreateWithCQWithAttrs;
    RaHdcQpDestroy;
    RaHdcQpDestroyWithoutCQ;
    RaHdcRdevDeinit;
    RaHdcRdevGetPortStatus;
    RaHdcRdevInit;
    RaHdcRdevRestoreDeinit;
    RaHdcRdmaRestoreSnapshot;
    RaHdcRdmaSaveSnapshot;
    RaHdcRdmaSetOps;
    RaHdcRdmaLiteApiDeinit;
    RaHdcRdmaLiteApiInit;
    RaHdcRecvWrVerbs;
    RaHdcRecvWrlist;
    RaHdcRemapMr;
    RaHdcRestoreSnapshot;
    RaHdcSaveSnapshot;
    RaHdcSendNormalWrlist;
    RaHdcSendWr;
    RaHdcSendWrV2;
    RaHdcSendWrVerbs;
    RaHdcSendWrlist;
    RaHdcSendWrlistExt;
    RaHdcSetDebugConfig;
    RaHdcSetQpAttrQos;
    RaHdcSetQpAttrRetryCnt;
    RaHdcSetQpAttrTimeout;
    RaHdcSetTpAttrAsync;
    RaHdcSetTsqpDepth;
    RaHdcSocketAcceptCreditAdd;
    RaHdcSocketBatchAbort;
    RaHdcSocketBatchClose;
    RaHdcSocketBatchCloseAsync;
    RaHdcSocketBatchConnect;
    RaHdcSocketBatchConnectAsync;
    RaHdcSocketDeinit;
    RaHdcSocketInit;
    RaHdcSocketListenStart;
    RaHdcSocketListenStartAsync;
    RaHdcSocketListenStop;
    RaHdcSocketListenStopAsync;
    RaHdcSocketRecv;
    RaHdcSocketRecvAsync;
    RaHdcSocketSend;
    RaHdcSocketSendAsync;
    RaHdcSocketWhiteListAdd;
    RaHdcSocketWhiteListDel;
    RaHdcTlvDeinit;
    RaHdcTlvInit;
    RaHdcTlvRequest;
    RaHdcTypicalCqCreate;
    RaHdcTypicalCqDestroy;
    RaHdcTypicalMrDereg;
    RaHdcTypicalMrReg;
    RaHdcTypicalQpCreate;
    RaHdcTypicalQpModify;
    RaHdcTypicalSendWr;
local:
    *;
};
