# -----------------------------------------------------------------------------------------------------------
# Copyright (c) 2026 Huawei Technologies Co., Ltd.
# This program is free software, you can redistribute it and/or modify it under the terms and conditions of
# CANN Open Software License Agreement Version 2.0 (the "License").
# Please refer to the License for details. You may not use this file except in compliance with the License.
# THIS SOFTWARE IS PROVIDED ON AN "AS IS" BASIS, WITHOUT WARRANTIES OF ANY KIND, EITHER EXPRESS OR IMPLIED,
# INCLUDING BUT NOT LIMITED TO NON-INFRINGEMENT, MERCHANTABILITY, OR FITNESS FOR A PARTICULAR PURPOSE.
# See LICENSE in the root of the software repository for the full text of the License.
# -----------------------------------------------------------------------------------------------------------

/*
 * Export whitelist for libopgraph_hccl.so.
 * Symbols within each section are sorted lexicographically.
 */
{
    global:
        /*
         * Source: rt2_registry.
         * Consumer: GE operator registration and graph compilation.
         *
         * Operators declared by ops_proto_hccl.h are stored in the internal
         * registry and exposed to GE through these generic protocol entries.
         */
        GetOpCtImplFunctions;
        GetOpImplFunctions;
        GetOpImplFunctionsV2;
        GetRegisteredOpCtNum;
        GetRegisteredOpNum;

    local:
        *;
};
