# -----------------------------------------------------------------------------------------------------------
# Copyright (c) 2026 Huawei Technologies Co., Ltd.
# This program is free software, you can redistribute it and/or modify it under the terms and conditions of
# CANN Open Software License Agreement Version 2.0 (the "License").
# Please refer to the License for details. You may not use this file except in compliance with the License.
# THIS SOFTWARE IS PROVIDED ON AN "AS IS" BASIS, WITHOUT WARRANTIES OF ANY KIND, EITHER EXPRESS OR IMPLIED,
# INCLUDING BUT NOT LIMITED TO NON-INFRINGEMENT, MERCHANTABILITY, OR FITNESS FOR A PARTICULAR PURPOSE.
# See LICENSE in the root of the software repository for the full text of the License.
# -----------------------------------------------------------------------------------------------------------

# ra 导出符号白名单
{
global:
    RaAiQpCreate;
    RaBatchSendWr;
    RaCqCreate;
    RaCqDestroy;
    RaCreateCompChannel;
    RaCreateEventHandle;
    RaCreateSrq;
    RaCtlEventHandle;
    RaCtxChanCreate;
    RaCtxChanDestroy;
    RaCtxCqCreate;
    RaCtxCqDestroy;
    RaCtxDeinit;
    RaCtxGetAsyncEvents;
    RaCtxGetAuxInfo;
    RaCtxGetCrErrInfoList;
    RaCtxGetJettyContext;
    RaCtxGetTpAttr;
    RaCtxGetTpInfoList;
    RaCtxInit;
    RaCtxNotifyEvent;
    RaCtxLmemRegister;
    RaCtxLmemRegisterAsync;
    RaCtxLmemUnregister;
    RaCtxLmemUnregisterAsync;
    RaCtxQpBind;
    RaCtxQpCreate;
    RaCtxQpCreateAsync;
    RaCtxQpDestroy;
    RaCtxQpDestroyAsync;
    RaCtxQpDestroyBatchAsync;
    RaCtxQpImport;
    RaCtxQpImportAsync;
    RaCtxQpQueryBatch;
    RaCtxQpUnbind;
    RaCtxQpUnimport;
    RaCtxQpUnimportAsync;
    RaCtxRmemImport;
    RaCtxRmemUnimport;
    RaCtxSetTpAttr;
    RaCtxTokenIdAlloc;
    RaCtxTokenIdFree;
    RaCtxUpdateCi;
    RaDeinit;
    RaDeregisterMr;
    RaDestroyCompChannel;
    RaDestroyEventHandle;
    RaDestroySrq;
    RaEpollCtlAdd;
    RaEpollCtlDel;
    RaEpollCtlMod;
    RaGetAsyncReqResult;
    RaGetClientSocketErrInfo;
    RaGetCqeErrInfo;
    RaGetDevBaseAttr;
    RaGetDevEidInfoList;
    RaGetDevEidInfoNum;
    RaGetEidByIp;
    RaGetEidByIpAsync;
    RaGetHccnCfg;
    RaGetIfaddrs;
    RaGetIfnum;
    RaGetInterfaceVersion;
    RaGetIpByEid;
    RaGetIpByEidAsync;
    RaGetLbMax;
    RaGetNotifyBaseAddr;
    RaGetNotifyMrInfo;
    RaGetQpAttr;
    RaGetQpContext;
    RaGetQpLbValue;
    RaGetQpStatus;
    RaGetSecRandom;
    RaGetServerSocketErrInfo;
    RaGetSockets;
    RaGetTlsEnable;
    RaGetTpAttrAsync;
    RaGetTpInfoListAsync;
    RaGetTsqpDepth;
    RaHasCapability;
    RaInit;
    RaIsFirstUsed;
    RaIsLastUsed;
    RaLoopbackQpCreate;
    RaMrDereg;
    RaMrReg;
    RaNdaCqCreate;
    RaNdaCqDestroy;
    RaNdaGetDirectFlag;
    RaNdaQpCreate;
    RaNormalQpCreate;
    RaNormalQpDestroy;
    RaPingDeinit;
    RaPingGetResults;
    RaPingInit;
    RaPingTargetAdd;
    RaPingTargetDel;
    RaPingTaskStart;
    RaPingTaskStop;
    RaPollCq;
    RaPollTypicalCq;
    RaQpBatchModify;
    RaQpConnectAsync;
    RaQpCreate;
    RaQpCreateWithAttrs;
    RaQpCreateWithCQWithAttrs;
    RaQpDestroy;
    RaQpDestroyWithoutCQ;
    RaRdevDeinit;
    RaRdevGetCqeErrInfoList;
    RaRdevGetHandle;
    RaRdevGetPortStatus;
    RaRdevGetSupportLite;
    RaRdevInit;
    RaRdevInitV2;
    RaRdevInitWithBackup;
    RaRecvWrVerbs;
    RaRecvWrlist;
    RaRegisterMr;
    RaRemapMr;
    RaRestoreSnapshot;
    RaSaveSnapshot;
    RaSendNormalWrlist;
    RaSendWr;
    RaSendWrV2;
    RaSendWrVerbs;
    RaSendWrlist;
    RaSendWrlistExt;
    RaSetQpAttrQos;
    RaSetQpAttrRetryCnt;
    RaSetQpAttrTimeout;
    RaSetQpLbValue;
    RaSetTcpRecvCallback;
    RaSetTpAttrAsync;
    RaSetTsqpDepth;
    RaSocketAcceptCreditAdd;
    RaSocketBatchAbort;
    RaSocketBatchClose;
    RaSocketBatchCloseAsync;
    RaSocketBatchConnect;
    RaSocketBatchConnectAsync;
    RaSocketDeinit;
    RaSocketGetVnicIpInfos;
    RaSocketGetWhiteListStatus;
    RaSocketInit;
    RaSocketInitV1;
    RaSocketListenStart;
    RaSocketListenStartAsync;
    RaSocketListenStop;
    RaSocketListenStopAsync;
    RaSocketRecv;
    RaSocketRecvAsync;
    RaSocketSend;
    RaSocketSendAsync;
    RaSocketSetWhiteListStatus;
    RaSocketWhiteListAdd;
    RaSocketWhiteListDel;
    RaTlvDeinit;
    RaTlvInit;
    RaTlvRequest;
    RaTypicalCqCreate;
    RaTypicalCqDestroy;
    RaTypicalQpCreate;
    RaTypicalQpModify;
    RaTypicalSendWr;
    RaWaitEventHandle;
    RaSetDebugConfig;
local:
    *;
};
