# -----------------------------------------------------------------------------------------------------------
# Copyright (c) 2026 Huawei Technologies Co., Ltd.
# This program is free software, you can redistribute it and/or modify it under the terms and conditions of
# CANN Open Software License Agreement Version 2.0 (the "License").
# Please refer to the License for details. You may not use this file except in compliance with the License.
# THIS SOFTWARE IS PROVIDED ON AN "AS IS" BASIS, WITHOUT WARRANTIES OF ANY KIND, EITHER EXPRESS OR IMPLIED,
# INCLUDING BUT NOT LIMITED TO NON-INFRINGEMENT, MERCHANTABILITY, OR FITNESS FOR A PARTICULAR PURPOSE.
# See LICENSE in the root of the software repository for the full text of the License.
# -----------------------------------------------------------------------------------------------------------

# rs 导出符号白名单
{
global:
    HccpTimeInterval;
    RsApiDeinit;
    RsApiInit;
    RsBindHostpid;
    RsCqCreate;
    RsCqDestroy;
    RsCreateCompChannel;
    RsCreateCqEvent;
    RsCreateEventHandle;
    RsCreateSrq;
    RsCtlEventHandle;
    RsCtxBatchSendWr;
    RsCtxChanCreate;
    RsCtxChanDestroy;
    RsCtxCqCreate;
    RsCtxCqDestroy;
    RsCtxCustomChannel;
    RsCtxDeinit;
    RsCtxGetAsyncEvents;
    RsCtxGetAuxInfo;
    RsCtxGetCrErrInfoList;
    RsCtxGetUbContext;
    RsCtxInit;
    RsCtxLmemReg;
    RsCtxLmemUnreg;
    RsCtxQpBind;
    RsCtxQpCreate;
    RsCtxQpDestroy;
    RsCtxQpDestroyBatch;
    RsCtxQpImport;
    RsCtxQpQueryBatch;
    RsCtxQpUnbind;
    RsCtxQpUnimport;
    RsCtxRmemImport;
    RsCtxRmemUnimport;
    RsCtxTokenIdAlloc;
    RsCtxTokenIdFree;
    RsCtxUpdateCi;
    RsDeinit;
    RsDeregisterMr;
    RsDestroyCompChannel;
    RsDestroyEventHandle;
    RsDestroySrq;
    RsDrvGetRandomNum;
    RsEpollCtlAdd;
    RsEpollCtlDel;
    RsEpollCtlMod;
    RsGetCqeErrInfo;
    RsGetCqeErrInfoList;
    RsGetCqeErrInfoNum;
    RsGetCurTime;
    RsGetDevEidInfoList;
    RsGetDevEidInfoNum;
    RsGetEidByIp;
    RsGetHccnCfg;
    RsGetIfaddrs;
    RsGetIfaddrsV2;
    RsGetIfnum;
    RsGetInterfaceVersion;
    RsGetIpByEid;
    RsGetLbMax;
    RsGetLiteConnectedInfo;
    RsGetLiteCqAttr;
    RsGetLiteMemAttr;
    RsGetLiteQpAttr;
    RsGetLiteQpCqAttr;
    RsGetLiteRdevCap;
    RsGetLiteSupport;
    RsGetNotifyMrInfo;
    RsGetProductType;
    RsGetQpContext;
    RsGetQpHyperFeature;
    RsGetQpLbValue;
    RsGetQpStatus;
    RsGetSecRandom;
    RsGetSockets;
    RsGetSslEnable;
    RsGetTlsEnable;
    RsGetTpAttr;
    RsGetTpInfoList;
    RsGetTsqpDepth;
    RsGetVnicIp;
    RsGetVnicIpInfos;
    RsHdcSocketSend;
    RsHeartbeatAlivePrint;
    RsInit;
    RsMrDereg;
    RsMrReg;
    RsNdaCqCreate;
    RsNdaCqDestroy;
    RsNdaGetDirectFlag;
    RsNdaQpCreate;
    RsNdaQpDestroy;
    RsNormalQpCreate;
    RsNormalQpDestroy;
    RsNotifyCfgGet;
    RsNotifyCfgSet;
    RsPeerGetIfaddrs;
    RsPeerGetIfnum;
    RsPeerSocketRecv;
    RsPeerSocketSend;
    RsPingDeinit;
    RsPingGetResults;
    RsPingHandleDeinit;
    RsPingHandleInit;
    RsPingInit;
    RsPingTargetAdd;
    RsPingTargetDel;
    RsPingTaskStart;
    RsPingTaskStop;
    RsQpBatchModify;
    RsQpConnectAsync;
    RsQpCreate;
    RsQpCreateWithAttrs;
    RsQpCreateWithCQWithAttrs;
    RsQpDestroy;
    RsQpDestroyWithoutCQ;
    RsRdevDeinit;
    RsRdevGetPortStatus;
    RsRdevInit;
    RsRdevInitWithBackup;
    RsRecvWrlist;
    RsRegisterMr;
    RsRemapMr;
    RsSendWr;
    RsSendWrlist;
    RsSetCtx;
    RsSetDebugConfig;
    RsSetHostPid;
    RsSetQpAttrQos;
    RsSetQpAttrRetryCnt;
    RsSetQpAttrTimeout;
    RsSetQpLbValue;
    RsSetTcpRecvCallback;
    RsSetTpAttr;
    RsSetTsqpDepth;
    RsSocketAcceptCreditAdd;
    RsSocketBatchAbort;
    RsSocketBatchClose;
    RsSocketBatchConnect;
    RsSocketDeinit;
    RsSocketGetClientSocketErrInfo;
    RsSocketGetServerSocketErrInfo;
    RsSocketInit;
    RsSocketListenStart;
    RsSocketListenStop;
    RsSocketRecv;
    RsSocketSend;
    RsSocketSetScopeId;
    RsSocketWhiteListAdd;
    RsSocketWhiteListDel;
    RsSocketWhiteListSwitch;
    RsTlvDeinit;
    RsTlvInit;
    RsTlvRequest;
    RsTypicalCqCreate;
    RsTypicalCqDestroy;
    RsTypicalDeregisterMr;
    RsTypicalQpModify;
    RsTypicalRegisterMr;
    RsTypicalRegisterMrV1;
    RsWaitEventHandle;
local:
    *;
};
